Testing Auth...
Project: undefined
KeyFile: C:\Users\Intel\Desktop\key\ai-mall-480206-b4b7da478633.json
JSON Key File is VALID.
node : Auth/Gen 
Failed: 
IllegalArgumentError: 
[VertexAI.IllegalArgum
entError]: Unable to 
infer your 
project.Please 
provide a project Id 
by one of the 
following:
At line:1 char:208
+ ... 
e('GCP_PROJECT_ID', 
'User'); node 
test_auth.js > 
test_output.txt 2>&1
+                     
             ~~~~~~~~~
~~~~~~~~~~~~~~~~~~~~~~
~~~~~~~~~
    + CategoryInfo    
          : NotSpeci  
  fied: (Auth/Gen F   
 ailed... the foll    
owing::String) []    
, RemoteException
    + FullyQualifiedE 
   rrorId : NativeCo  
  mmandError
 
- Passing a 
constructor argument 
by using new 
VertexAI({project: 
my-project})
- Setting project 
using `gcloud config 
set project 
my-project`
    at resolveProject 
(C:\Users\Intel\Deskto
p\work space\AI-MALL_B
ackend\node_modules\@g
oogle-cloud\vertexai\b
uild\src\vertex_ai.js:
263:11)
    at new VertexAI (C
:\Users\Intel\Desktop\
work space\AI-MALL_Bac
kend\node_modules\@goo
gle-cloud\vertexai\bui
ld\src\vertex_ai.js:44
:24)
    at run (file:///C:
/Users/Intel/Desktop/w
ork%20space/AI-MALL_Ba
ckend/test_auth.js:21:
26) {
  stackTrace: 
undefined,
  [cause]: undefined
}
